../USB_Device/App/usbd_cdc_if.c:166:6:cdcIfInit	8	static
../USB_Device/App/usbd_cdc_if.c:179:10:cdcIfAvailable	8	static
../USB_Device/App/usbd_cdc_if.c:184:9:cdcIfRead	16	static
../USB_Device/App/usbd_cdc_if.c:193:10:cdcIfWrite	40	static
../USB_Device/App/usbd_cdc_if.c:242:10:cdcIfGetBaud	4	static
../USB_Device/App/usbd_cdc_if.c:247:6:cdcIfIsConnected	16	static
../USB_Device/App/usbd_cdc_if.c:273:9:cdcIfGetType	4	static
../USB_Device/App/usbd_cdc_if.c:278:9:CDC_SoF_ISR	40	static
../USB_Device/App/usbd_cdc_if.c:348:15:CDC_Init_FS	8	static
../USB_Device/App/usbd_cdc_if.c:368:15:CDC_DeInit_FS	4	static
../USB_Device/App/usbd_cdc_if.c:385:15:CDC_Control_FS	24	static
../USB_Device/App/usbd_cdc_if.c:497:15:CDC_Receive_FS	32	static
../USB_Device/App/usbd_cdc_if.c:541:9:CDC_Transmit_FS	24	static
../USB_Device/App/usbd_cdc_if.c:567:15:CDC_TransmitCplt_FS	32	static
